// Jest Snapshot v1, https://goo.gl/fbAQLP

exports[`should render ExpenseList with empty message 1`] = `
<div>
  <h1>
    Expense List
  </h1>
</div>
`;

exports[`should render ExpenseList with expenses 1`] = `
<div>
  <h1>
    Expense List
  </h1>
  <ExpenseListItem
    amount={250}
    createdAt={0}
    description="Toy"
    id="1"
    key="1"
    note=""
  />
  <ExpenseListItem
    amount={250000}
    createdAt={-604800000}
    description="Furniture"
    id="2"
    key="2"
    note=""
  />
  <ExpenseListItem
    amount={7500}
    createdAt={604800000}
    description="Phone"
    id="3"
    key="3"
    note=""
  />
</div>
`;
